RAM Allocation [bytes]
Variable                                                                          Address   Size
------------------------------------------------------------------------------------------------
line                                                                              0x0260      17
expected_output                                                                   0x0271       1
_base_y                                                                           0x0272       4
_lcd_x                                                                            0x0276       1
_lcd_y                                                                            0x0277       1
_lcd_maxx                                                                         0x0278       1

EEPROM Allocation [bytes]
Variable                                                                          Address   Size
------------------------------------------------------------------------------------------------

Register Allocation
Variable                                                                          Register  Size
------------------------------------------------------------------------------------------------
x                                                                                 R5           1
j                                                                                 R4           1
intr                                                                              R7           1
counter                                                                           R8,R9        2
flag                                                                              R6           1
flag2                                                                             R11          1
flag3                                                                             R10          1
flag4                                                                             R13          1
actual_output                                                                     R12          1

FLASH Allocation [words]
Function                                                                          Address   Size
------------------------------------------------------------------------------------------------
ext_int1_isr                                                                      0x000AA     19
and_gate                                                                          0x000BD     95
not_gate                                                                          0x0011C     54
firstmux_ic                                                                       0x00152    119
secondmux_ic                                                                      0x001C9     49
main                                                                              0x001FA    141
_lcd_write_nibble_G100                                                            0x00287     20
_lcd_write_data                                                                   0x0029B     12
lcd_gotoxy                                                                        0x002A7     17
lcd_clear                                                                         0x002B8     14
lcd_putchar                                                                       0x002C6     32
lcd_puts                                                                          0x002E6     17
lcd_init                                                                          0x002F7     47
put_buff_G101                                                                     0x00326     64
_print_G101                                                                       0x00366    308
sprintf                                                                           0x0049A     52
strlen                                                                            0x004CE     12
strlenf                                                                           0x004DA     13
